{
 "start": 1619301600000,
 "end": 1623161217471,
 "executionGraph": [
  {
   "id": "q1_m1",
   "type": "TimeSeriesDataSource",
   "metric": {
    "type": "MetricLiteral",
    "metric": "Vespa.vespa.distributor.vds.distributor.docsstored.average"
   },
   "sourceId": null,
   "fetchLast": false,
   "filter": {
    "type": "Chain",
    "op": "AND",
    "filters": [
     {
      "type": "TagValueLiteralOr",
      "filter": "tenant1.application1.instance1",
      "tagKey": "applicationId"
     },
     {
      "type": "TagValueLiteralOr",
      "filter": "public",
      "tagKey": "system"
     },
     {
      "type": "TagValueRegex",
      "filter": "^(tenant2|tenant3)\\..*",
      "tagKey": "applicationId"
     }
    ]
   }
  }
 ]
}
